// Jest Snapshot v1, https://goo.gl/fbAQLP

exports[`HeaderUserButtons matches snapshot 1`] = `
<div
  id="header-user-buttons"
>
  <div />
</div>
`;
